// Vitest Snapshot v1, https://vitest.dev/guide/snapshot.html

exports[`PaginationControl > renders correctly with initial props 1`] = `"<div data-v-b94b60b0="" class="pagination-control"><button data-v-b94b60b0="" class="pagination-button" disabled=""> &lt; </button><span data-v-b94b60b0="" class="page-indicator">Page 1</span><button data-v-b94b60b0="" class="pagination-button"> &gt; </button></div>"`;
